// Jest Snapshot v1, https://goo.gl/fbAQLP

exports[`AddProgress component renders correctly 1`] = `
<div>
  <div
    class=""
  >
    <div
      class="block w-full h-full overflow-x-hidden fixed z-10 bg-gray/50 top-0 left-0"
    >
      <div
        class="flex fixed inset-0 items-center justify-center z-50"
      >
        <div
          class="flex bg-white rounded-[30px] w-[343px] md:w-[426px] min-h-[425px] p-[40px] flex-col items-center gap-[24px] md:gap-[48px] mx-auto"
        >
          <div
            class="w-[300px] md:w-full md:text-start"
          >
            <div
              class="pb-[30px] md:pb-[48px] flex justify-between"
            >
              <p
                class="text-[24px] md:text-[32px] font-normal"
              >
                Мой прогресс
              </p>
              <div
                class=" z-[1]"
              >
                <svg
                  class="h-[20px] w-[20px] opacity-[20%] cursor-pointer"
                  enable-background="new 0 0 122.878 122.88"
                  height="122.88px"
                  id="Layer_1"
                  version="1.1"
                  viewBox="0 0 122.878 122.88"
                  width="122.878px"
                  x="0px"
                  xml:space="preserve"
                  xmlns="http://www.w3.org/2000/svg"
                  xmlns:xlink="http://www.w3.org/1999/xlink"
                  y="0px"
                >
                  <g>
                    <path
                      d="M1.426,8.313c-1.901-1.901-1.901-4.984,0-6.886c1.901-1.902,4.984-1.902,6.886,0l53.127,53.127l53.127-53.127 c1.901-1.902,4.984-1.902,6.887,0c1.901,1.901,1.901,4.985,0,6.886L68.324,61.439l53.128,53.128c1.901,1.901,1.901,4.984,0,6.886 c-1.902,1.902-4.985,1.902-6.887,0L61.438,68.326L8.312,121.453c-1.901,1.902-4.984,1.902-6.886,0 c-1.901-1.901-1.901-4.984,0-6.886l53.127-53.128L1.426,8.313L1.426,8.313z"
                    />
                  </g>
                </svg>
              </div>
            </div>
            <div
              class="text-[18px] h-[346px] flex flex-col gap-[20px] overflow-y-scroll  [&::-webkit-scrollbar]:bg-light-gray  [&::-webkit-scrollbar]:w-[6px]  [&::-webkit-scrollbar]:rounded-[10px]  [&::-webkit-scrollbar-thumb]:bg-black [&::-webkit-scrollbar-thumb]:rounded-[10px]"
            />
            <div
              class="flex flex-col justify-center"
            >
              <button
                class="btn-primary w-full mt-10 pt-3 pb-3"
              >
                Выполнено
              </button>
            </div>
          </div>
        </div>
      </div>
    </div>
  </div>
</div>
`;
