// Jest Snapshot v1, https://goo.gl/fbAQLP

exports[`Card component renders correctly 1`] = `
<div>
  <div
    class="flex flex-col gap-7 bg-white w-[343px] md:w-[360px] rounded-3xl relative cursor-pointer shadow-md"
  >
    <img
      class="w-full"
      src="/img/workout_0.png"
    />
    <img
      alt="Добавить курс"
      class="absolute top-4 right-4"
      src="/img/circle.png"
    />
    <div
      class="mx-6"
    >
      <h3
        class="text-3xl font-semibold pb-6 text-black"
      />
      <div
        class="flex flex-row flex-wrap gap-1 mb-2"
      >
        <div
          class="flex flex-row flex-wrap gap-1 w-[103px] h-9 bg-light-gray rounded-3xl items-center pl-2.5"
        >
          <img
            alt="Продолжительность курса"
            class="h-4 w-4"
            src="./img/calendar.png"
          />
          <p
            class="text-black"
          />
        </div>
        <div
          class="flex flex-row gap-1 w-[160px] h-9 bg-light-gray rounded-3xl items-center pl-2.5"
        >
          <img
            alt="Время курса"
            class="h-4 w-4"
            src="./img/time.png"
          />
          <p
            class="text-black"
          />
        </div>
      </div>
      <div
        class="flex flex-row gap-1 w-32 h-9 bg-light-gray rounded-3xl items-center pl-2.5 mb-2"
      >
        <img
          alt="Сложность"
          class="h-4 w-4"
          src="/img/difficulty_0.png"
        />
        <p
          class="text-black"
        >
          Сложность
        </p>
      </div>
    </div>
  </div>
</div>
`;
